3          ]B[3
2 ^           2
1     ]A[     1
0             0
