3             3
2             2
1 ^        [B]1
0             0
